<?xml version="1.0" encoding="UTF-8"?>
<testsuites name="jest tests" tests="1" failures="1" time="1.839">
  <testsuite name="undefined" errors="0" failures="1" skipped="0" timestamp="2019-05-06T05:01:48" time="1.077" tests="1">
    <testcase classname=" Link changes the class when hovered" name=" Link changes the class when hovered" time="0.028">
      <failure>Error: expect(value).toMatchSnapshot()

Received value does not match stored snapshot 1.

- Snapshot
+ Received

@@ -1,8 +1,8 @@
 &lt;div&gt;
   &lt;h1&gt;
-    Simple SPA
+    Simple SPAA
   &lt;/h1&gt;
   &lt;ul
     className=&quot;header&quot;
   &gt;
     &lt;li&gt;
    at Object.&lt;anonymous&gt;.test (/Users/ikedatakafumi/Documents/workspace/react_spa/src/test/Main.test.js:10:16)
    at Object.asyncFn (/Users/ikedatakafumi/Documents/workspace/react_spa/node_modules/jest-jasmine2/build/jasmine-async.js:68:30)
    at resolve (/Users/ikedatakafumi/Documents/workspace/react_spa/node_modules/jest-jasmine2/build/queueRunner.js:38:12)
    at new Promise (&lt;anonymous&gt;)
    at mapper (/Users/ikedatakafumi/Documents/workspace/react_spa/node_modules/jest-jasmine2/build/queueRunner.js:31:21)
    at Promise.resolve.then.el (/Users/ikedatakafumi/Documents/workspace/react_spa/node_modules/p-map/index.js:46:16)
    at process._tickCallback (internal/process/next_tick.js:178:7)</failure>
    </testcase>
  </testsuite>
</testsuites>